// Vitest Snapshot v1, https://vitest.dev/guide/snapshot.html

exports[`Agent Policies > renders correctly 1`] = `
{
  "asFragment": [Function],
  "baseElement": <body
    style="overflow: unset;"
  >
    <div>
      <div
        class="px-5 pb-6 max-w-[850px] mx-auto bg-[#F8F8F8]"
      >
        <header
          class="mb-7"
        >
          <h1
            class="font-semibold text-2xl mb-5"
          >
            Policies
          </h1>
          <p>
            Choose any of our available policies to sell to potential customers
          </p>
        </header>
        <main
          class="space-y-4"
        >
          <div
            class="bg-white rounded-2xl p-4 cursor-pointer"
          >
            <div
              class="flex mb-2"
            >
              <div
                class="bg-[#C8FFC6] h-8 w-8 rounded-full mr-2 flex justify-center items-center shrink-0"
              >
                <img
                  alt=""
                  class=""
                  src="/src/assets/Icons/health-insurance.svg"
                />
              </div>
              <div>
                <h3
                  class="not-italic text-sm font-medium inline-block mb-1 text-[#101323]"
                >
                  Health Insurance
                </h3>
                <p
                  class="text-[#667085] text-xs"
                >
                  Covers medical expenses, such as doctor's visits, hospital stays, and prescription drugs.
                </p>
              </div>
            </div>
            <div
              class="flex justify-between"
            >
              <button
                class="w-[48%] text-white text-sm font-medium bg-[#25D366] rounded-full py-[6px]"
              >
                Sell Policy
              </button>
              <button
                class="w-[48%] text-black text-sm font-medium bg-[#F9FAFB] rounded-full py-[6px]"
              >
                View Policy
              </button>
            </div>
          </div>
          <div
            class="bg-white rounded-2xl p-4 cursor-pointer"
          >
            <div
              class="flex mb-2"
            >
              <div
                class="bg-[#C8FFC6] h-8 w-8 rounded-full mr-2 flex justify-center items-center shrink-0"
              >
                <img
                  alt=""
                  class=""
                  src="/src/assets/Icons/motor-insurance.svg"
                />
              </div>
              <div>
                <h3
                  class="not-italic text-sm font-medium inline-block mb-1 text-[#101323]"
                >
                  Comprehensive Motor Insurance
                </h3>
                <p
                  class="text-[#667085] text-xs"
                >
                  With motor insurance you get to cover damages caused by accidents or theft involving a vehicle.
                </p>
              </div>
            </div>
            <div
              class="flex justify-between"
            >
              <button
                class="w-[48%] text-white text-sm font-medium bg-[#25D366] rounded-full py-[6px]"
              >
                Sell Policy
              </button>
              <button
                class="w-[48%] text-black text-sm font-medium bg-[#F9FAFB] rounded-full py-[6px]"
              >
                View Policy
              </button>
            </div>
          </div>
          <div
            class="bg-white rounded-2xl p-4 cursor-pointer"
          >
            <div
              class="flex mb-2"
            >
              <div
                class="bg-[#C8FFC6] h-8 w-8 rounded-full mr-2 flex justify-center items-center shrink-0"
              >
                <img
                  alt=""
                  class=""
                  src="/src/assets/Icons/travel-insurance.svg"
                />
              </div>
              <div>
                <h3
                  class="not-italic text-sm font-medium inline-block mb-1 text-[#101323]"
                >
                  Travel Insurance
                </h3>
                <p
                  class="text-[#667085] text-xs"
                >
                  Travel insurance protects you against unexpected events while traveling, like trip cancellations, lost luggage etc.
                </p>
              </div>
            </div>
            <div
              class="flex justify-between"
            >
              <button
                class="w-[48%] text-white text-sm font-medium bg-[#25D366] rounded-full py-[6px]"
              >
                Sell Policy
              </button>
              <button
                class="w-[48%] text-black text-sm font-medium bg-[#F9FAFB] rounded-full py-[6px]"
              >
                View Policy
              </button>
            </div>
          </div>
          <div
            class="bg-white rounded-2xl p-4 cursor-pointer"
          >
            <div
              class="flex mb-2"
            >
              <div
                class="bg-[#C8FFC6] h-8 w-8 rounded-full mr-2 flex justify-center items-center shrink-0"
              >
                <img
                  alt=""
                  class=""
                  src="/src/assets/Icons/device-insurance.svg"
                />
              </div>
              <div>
                <h3
                  class="not-italic text-sm font-medium inline-block mb-1 text-[#101323]"
                >
                  Device Insurance
                </h3>
                <p
                  class="text-[#667085] text-xs"
                >
                  Device insurance covers your device against unexpected events that lead to damage of parts of the phone
                </p>
              </div>
            </div>
            <div
              class="flex justify-between"
            >
              <button
                class="w-[48%] text-white text-sm font-medium bg-[#25D366] rounded-full py-[6px]"
              >
                Sell Policy
              </button>
              <button
                class="w-[48%] text-black text-sm font-medium bg-[#F9FAFB] rounded-full py-[6px]"
              >
                View Policy
              </button>
            </div>
          </div>
        </main>
      </div>
    </div>
    <div
      class="z-50 h-dvh w-screen fixed top-0 left-0 flex flex-col bg-white py-10 px-6 pb-6 transition translate-x-[100%] opacity-0 overflow-y-auto"
    >
      <div
        class="flex justify-between items-center mb-4"
      >
        <button>
          <img
            alt=""
            class=""
            src="/src/assets/Icons/arrow-back.svg"
          />
        </button>
        <div
          class="bg-[#D9D9D9] rounded-full h-[6px] w-[40%] transition"
        />
        <div
          class="bg-[#D9D9D9] rounded-full h-[6px] w-[40%]"
        />
      </div>
      <header
        class="mb-4"
      >
        <h4
          class="font-semibold mb-2"
        >
          Sell 
          Health Insurance
        </h4>
        <em
          class="not-italic text-sm text-[#4F4F4F]"
        >
          Enter customer's personal details
        </em>
      </header>
      <div>
        <div
          class="space-y-6"
        >
          <div
            class=""
          >
            <label
              class="text-[#333] mb-2 block text-sm"
              for="customer'sFullName"
            >
              Customer's Full Name
               
            </label>
            <input
              class="block font-sora w-full px-3 py-[16px] border rounded-lg outline-none focus:border-black h-14 border-[#e0e0e0] text-sm"
              id="customer'sFullName"
              placeholder="John Doe"
            />
            <p
              class="text-sm text-[#333]"
            />
          </div>
          <div
            class=""
          >
            <label
              class="text-[#333] mb-2 block text-sm"
              for="customer'sDateOfBirth"
            >
              Customer's Date of Birth
               
            </label>
            <input
              class="block font-sora w-full px-3 py-[16px] border rounded-lg outline-none focus:border-black h-14 border-[#e0e0e0] text-sm"
              id="customer'sDateOfBirth"
              placeholder="DD/MM/YYYY"
            />
            <p
              class="text-sm text-[#333]"
            />
          </div>
          <div
            class=""
          >
            <label
              class="text-[#333] mb-2 block text-sm"
              for="customer'sPhoneNumber"
            >
              Customer's Phone Number
               
            </label>
            <input
              class="block font-sora w-full px-3 py-[16px] border rounded-lg outline-none focus:border-black h-14 border-[#e0e0e0] text-sm"
              id="customer'sPhoneNumber"
              placeholder="08035892001"
            />
            <p
              class="text-sm text-[#333]"
            />
          </div>
          <div
            class=""
          >
            <label
              class="text-[#333] mb-2 block text-sm"
              for="customer'sEmailAddress"
            >
              Customer's Email Address
               
            </label>
            <input
              class="block font-sora w-full px-3 py-[16px] border rounded-lg outline-none focus:border-black h-14 border-[#e0e0e0] text-sm"
              id="customer'sEmailAddress"
              placeholder="mail@mail.com"
            />
            <p
              class="text-sm text-[#333]"
            />
          </div>
        </div>
      </div>
      <div
        class="grow min-h-10"
      />
      <button
        class="w-full bg-[#25D366] py-4 text-lg font-medium rounded-lg text-white"
      >
        Continue
      </button>
      <em
        class="block text-center not-italic text-xs mt-10"
      >
        Powered by Unyte Africa
      </em>
    </div>
    <div
      class="z-50 h-dvh w-screen fixed top-0 left-0 flex flex-col bg-white py-10 px-6 pb-6 transition translate-x-[100%] opacity-0 overflow-y-auto"
    >
      <div
        class="flex justify-between items-center mb-4"
      >
        <button>
          <img
            alt=""
            class=""
            src="/src/assets/Icons/arrow-back.svg"
          />
        </button>
        <div
          class="bg-[#D9D9D9] rounded-full h-[6px] w-[40%] transition"
        />
        <div
          class="bg-[#D9D9D9] rounded-full h-[6px] w-[40%]"
        />
      </div>
      <header
        class="mb-4"
      >
        <h4
          class="font-semibold mb-2"
        >
          Sell 
          Comprehensive Motor Insurance
        </h4>
        <em
          class="not-italic text-sm text-[#4F4F4F]"
        >
          Enter customer's personal details
        </em>
      </header>
      <div>
        <div
          class="space-y-6"
        >
          <div
            class=""
          >
            <label
              class="text-[#333] mb-2 block text-sm"
              for="customer'sFullName"
            >
              Customer's Full Name
               
            </label>
            <input
              class="block font-sora w-full px-3 py-[16px] border rounded-lg outline-none focus:border-black h-14 border-[#e0e0e0] text-sm"
              id="customer'sFullName"
              placeholder="John Doe"
            />
            <p
              class="text-sm text-[#333]"
            />
          </div>
          <div
            class=""
          >
            <label
              class="text-[#333] mb-2 block text-sm"
              for="customer'sDateOfBirth"
            >
              Customer's Date of Birth
               
            </label>
            <input
              class="block font-sora w-full px-3 py-[16px] border rounded-lg outline-none focus:border-black h-14 border-[#e0e0e0] text-sm"
              id="customer'sDateOfBirth"
              placeholder="DD/MM/YYYY"
            />
            <p
              class="text-sm text-[#333]"
            />
          </div>
          <div
            class=""
          >
            <label
              class="text-[#333] mb-2 block text-sm"
              for="customer'sPhoneNumber"
            >
              Customer's Phone Number
               
            </label>
            <input
              class="block font-sora w-full px-3 py-[16px] border rounded-lg outline-none focus:border-black h-14 border-[#e0e0e0] text-sm"
              id="customer'sPhoneNumber"
              placeholder="08035892001"
            />
            <p
              class="text-sm text-[#333]"
            />
          </div>
          <div
            class=""
          >
            <label
              class="text-[#333] mb-2 block text-sm"
              for="customer'sEmailAddress"
            >
              Customer's Email Address
               
            </label>
            <input
              class="block font-sora w-full px-3 py-[16px] border rounded-lg outline-none focus:border-black h-14 border-[#e0e0e0] text-sm"
              id="customer'sEmailAddress"
              placeholder="mail@mail.com"
            />
            <p
              class="text-sm text-[#333]"
            />
          </div>
        </div>
      </div>
      <div
        class="grow min-h-10"
      />
      <button
        class="w-full bg-[#25D366] py-4 text-lg font-medium rounded-lg text-white"
      >
        Continue
      </button>
      <em
        class="block text-center not-italic text-xs mt-10"
      >
        Powered by Unyte Africa
      </em>
    </div>
    <div
      class="z-50 h-dvh w-screen fixed top-0 left-0 flex flex-col bg-white py-10 px-6 pb-6 transition translate-x-[100%] opacity-0 overflow-y-auto"
    >
      <div
        class="flex justify-between items-center mb-4"
      >
        <button>
          <img
            alt=""
            class=""
            src="/src/assets/Icons/arrow-back.svg"
          />
        </button>
        <div
          class="bg-[#D9D9D9] rounded-full h-[6px] w-[40%] transition"
        />
        <div
          class="bg-[#D9D9D9] rounded-full h-[6px] w-[40%]"
        />
      </div>
      <header
        class="mb-4"
      >
        <h4
          class="font-semibold mb-2"
        >
          Sell 
          Travel Insurance
        </h4>
        <em
          class="not-italic text-sm text-[#4F4F4F]"
        >
          Enter customer's personal details
        </em>
      </header>
      <div>
        <div
          class="space-y-6"
        >
          <div
            class=""
          >
            <label
              class="text-[#333] mb-2 block text-sm"
              for="customer'sFullName"
            >
              Customer's Full Name
               
            </label>
            <input
              class="block font-sora w-full px-3 py-[16px] border rounded-lg outline-none focus:border-black h-14 border-[#e0e0e0] text-sm"
              id="customer'sFullName"
              placeholder="John Doe"
            />
            <p
              class="text-sm text-[#333]"
            />
          </div>
          <div
            class=""
          >
            <label
              class="text-[#333] mb-2 block text-sm"
              for="customer'sDateOfBirth"
            >
              Customer's Date of Birth
               
            </label>
            <input
              class="block font-sora w-full px-3 py-[16px] border rounded-lg outline-none focus:border-black h-14 border-[#e0e0e0] text-sm"
              id="customer'sDateOfBirth"
              placeholder="DD/MM/YYYY"
            />
            <p
              class="text-sm text-[#333]"
            />
          </div>
          <div
            class=""
          >
            <label
              class="text-[#333] mb-2 block text-sm"
              for="customer'sPhoneNumber"
            >
              Customer's Phone Number
               
            </label>
            <input
              class="block font-sora w-full px-3 py-[16px] border rounded-lg outline-none focus:border-black h-14 border-[#e0e0e0] text-sm"
              id="customer'sPhoneNumber"
              placeholder="08035892001"
            />
            <p
              class="text-sm text-[#333]"
            />
          </div>
          <div
            class=""
          >
            <label
              class="text-[#333] mb-2 block text-sm"
              for="customer'sEmailAddress"
            >
              Customer's Email Address
               
            </label>
            <input
              class="block font-sora w-full px-3 py-[16px] border rounded-lg outline-none focus:border-black h-14 border-[#e0e0e0] text-sm"
              id="customer'sEmailAddress"
              placeholder="mail@mail.com"
            />
            <p
              class="text-sm text-[#333]"
            />
          </div>
        </div>
      </div>
      <div
        class="grow min-h-10"
      />
      <button
        class="w-full bg-[#25D366] py-4 text-lg font-medium rounded-lg text-white"
      >
        Continue
      </button>
      <em
        class="block text-center not-italic text-xs mt-10"
      >
        Powered by Unyte Africa
      </em>
    </div>
    <div
      class="z-50 h-dvh w-screen fixed top-0 left-0 flex flex-col bg-white py-10 px-6 pb-6 transition translate-x-[100%] opacity-0 overflow-y-auto"
    >
      <div
        class="flex justify-between items-center mb-4"
      >
        <button>
          <img
            alt=""
            class=""
            src="/src/assets/Icons/arrow-back.svg"
          />
        </button>
        <div
          class="bg-[#D9D9D9] rounded-full h-[6px] w-[40%] transition"
        />
        <div
          class="bg-[#D9D9D9] rounded-full h-[6px] w-[40%]"
        />
      </div>
      <header
        class="mb-4"
      >
        <h4
          class="font-semibold mb-2"
        >
          Sell 
          Device Insurance
        </h4>
        <em
          class="not-italic text-sm text-[#4F4F4F]"
        >
          Enter customer's personal details
        </em>
      </header>
      <div>
        <div
          class="space-y-6"
        >
          <div
            class=""
          >
            <label
              class="text-[#333] mb-2 block text-sm"
              for="customer'sFullName"
            >
              Customer's Full Name
               
            </label>
            <input
              class="block font-sora w-full px-3 py-[16px] border rounded-lg outline-none focus:border-black h-14 border-[#e0e0e0] text-sm"
              id="customer'sFullName"
              placeholder="John Doe"
            />
            <p
              class="text-sm text-[#333]"
            />
          </div>
          <div
            class=""
          >
            <label
              class="text-[#333] mb-2 block text-sm"
              for="customer'sDateOfBirth"
            >
              Customer's Date of Birth
               
            </label>
            <input
              class="block font-sora w-full px-3 py-[16px] border rounded-lg outline-none focus:border-black h-14 border-[#e0e0e0] text-sm"
              id="customer'sDateOfBirth"
              placeholder="DD/MM/YYYY"
            />
            <p
              class="text-sm text-[#333]"
            />
          </div>
          <div
            class=""
          >
            <label
              class="text-[#333] mb-2 block text-sm"
              for="customer'sPhoneNumber"
            >
              Customer's Phone Number
               
            </label>
            <input
              class="block font-sora w-full px-3 py-[16px] border rounded-lg outline-none focus:border-black h-14 border-[#e0e0e0] text-sm"
              id="customer'sPhoneNumber"
              placeholder="08035892001"
            />
            <p
              class="text-sm text-[#333]"
            />
          </div>
          <div
            class=""
          >
            <label
              class="text-[#333] mb-2 block text-sm"
              for="customer'sEmailAddress"
            >
              Customer's Email Address
               
            </label>
            <input
              class="block font-sora w-full px-3 py-[16px] border rounded-lg outline-none focus:border-black h-14 border-[#e0e0e0] text-sm"
              id="customer'sEmailAddress"
              placeholder="mail@mail.com"
            />
            <p
              class="text-sm text-[#333]"
            />
          </div>
        </div>
      </div>
      <div
        class="grow min-h-10"
      />
      <button
        class="w-full bg-[#25D366] py-4 text-lg font-medium rounded-lg text-white"
      >
        Continue
      </button>
      <em
        class="block text-center not-italic text-xs mt-10"
      >
        Powered by Unyte Africa
      </em>
    </div>
  </body>,
  "container": <div>
    <div
      class="px-5 pb-6 max-w-[850px] mx-auto bg-[#F8F8F8]"
    >
      <header
        class="mb-7"
      >
        <h1
          class="font-semibold text-2xl mb-5"
        >
          Policies
        </h1>
        <p>
          Choose any of our available policies to sell to potential customers
        </p>
      </header>
      <main
        class="space-y-4"
      >
        <div
          class="bg-white rounded-2xl p-4 cursor-pointer"
        >
          <div
            class="flex mb-2"
          >
            <div
              class="bg-[#C8FFC6] h-8 w-8 rounded-full mr-2 flex justify-center items-center shrink-0"
            >
              <img
                alt=""
                class=""
                src="/src/assets/Icons/health-insurance.svg"
              />
            </div>
            <div>
              <h3
                class="not-italic text-sm font-medium inline-block mb-1 text-[#101323]"
              >
                Health Insurance
              </h3>
              <p
                class="text-[#667085] text-xs"
              >
                Covers medical expenses, such as doctor's visits, hospital stays, and prescription drugs.
              </p>
            </div>
          </div>
          <div
            class="flex justify-between"
          >
            <button
              class="w-[48%] text-white text-sm font-medium bg-[#25D366] rounded-full py-[6px]"
            >
              Sell Policy
            </button>
            <button
              class="w-[48%] text-black text-sm font-medium bg-[#F9FAFB] rounded-full py-[6px]"
            >
              View Policy
            </button>
          </div>
        </div>
        <div
          class="bg-white rounded-2xl p-4 cursor-pointer"
        >
          <div
            class="flex mb-2"
          >
            <div
              class="bg-[#C8FFC6] h-8 w-8 rounded-full mr-2 flex justify-center items-center shrink-0"
            >
              <img
                alt=""
                class=""
                src="/src/assets/Icons/motor-insurance.svg"
              />
            </div>
            <div>
              <h3
                class="not-italic text-sm font-medium inline-block mb-1 text-[#101323]"
              >
                Comprehensive Motor Insurance
              </h3>
              <p
                class="text-[#667085] text-xs"
              >
                With motor insurance you get to cover damages caused by accidents or theft involving a vehicle.
              </p>
            </div>
          </div>
          <div
            class="flex justify-between"
          >
            <button
              class="w-[48%] text-white text-sm font-medium bg-[#25D366] rounded-full py-[6px]"
            >
              Sell Policy
            </button>
            <button
              class="w-[48%] text-black text-sm font-medium bg-[#F9FAFB] rounded-full py-[6px]"
            >
              View Policy
            </button>
          </div>
        </div>
        <div
          class="bg-white rounded-2xl p-4 cursor-pointer"
        >
          <div
            class="flex mb-2"
          >
            <div
              class="bg-[#C8FFC6] h-8 w-8 rounded-full mr-2 flex justify-center items-center shrink-0"
            >
              <img
                alt=""
                class=""
                src="/src/assets/Icons/travel-insurance.svg"
              />
            </div>
            <div>
              <h3
                class="not-italic text-sm font-medium inline-block mb-1 text-[#101323]"
              >
                Travel Insurance
              </h3>
              <p
                class="text-[#667085] text-xs"
              >
                Travel insurance protects you against unexpected events while traveling, like trip cancellations, lost luggage etc.
              </p>
            </div>
          </div>
          <div
            class="flex justify-between"
          >
            <button
              class="w-[48%] text-white text-sm font-medium bg-[#25D366] rounded-full py-[6px]"
            >
              Sell Policy
            </button>
            <button
              class="w-[48%] text-black text-sm font-medium bg-[#F9FAFB] rounded-full py-[6px]"
            >
              View Policy
            </button>
          </div>
        </div>
        <div
          class="bg-white rounded-2xl p-4 cursor-pointer"
        >
          <div
            class="flex mb-2"
          >
            <div
              class="bg-[#C8FFC6] h-8 w-8 rounded-full mr-2 flex justify-center items-center shrink-0"
            >
              <img
                alt=""
                class=""
                src="/src/assets/Icons/device-insurance.svg"
              />
            </div>
            <div>
              <h3
                class="not-italic text-sm font-medium inline-block mb-1 text-[#101323]"
              >
                Device Insurance
              </h3>
              <p
                class="text-[#667085] text-xs"
              >
                Device insurance covers your device against unexpected events that lead to damage of parts of the phone
              </p>
            </div>
          </div>
          <div
            class="flex justify-between"
          >
            <button
              class="w-[48%] text-white text-sm font-medium bg-[#25D366] rounded-full py-[6px]"
            >
              Sell Policy
            </button>
            <button
              class="w-[48%] text-black text-sm font-medium bg-[#F9FAFB] rounded-full py-[6px]"
            >
              View Policy
            </button>
          </div>
        </div>
      </main>
    </div>
  </div>,
  "debug": [Function],
  "findAllByAltText": [Function],
  "findAllByDisplayValue": [Function],
  "findAllByLabelText": [Function],
  "findAllByPlaceholderText": [Function],
  "findAllByRole": [Function],
  "findAllByTestId": [Function],
  "findAllByText": [Function],
  "findAllByTitle": [Function],
  "findByAltText": [Function],
  "findByDisplayValue": [Function],
  "findByLabelText": [Function],
  "findByPlaceholderText": [Function],
  "findByRole": [Function],
  "findByTestId": [Function],
  "findByText": [Function],
  "findByTitle": [Function],
  "getAllByAltText": [Function],
  "getAllByDisplayValue": [Function],
  "getAllByLabelText": [Function],
  "getAllByPlaceholderText": [Function],
  "getAllByRole": [Function],
  "getAllByTestId": [Function],
  "getAllByText": [Function],
  "getAllByTitle": [Function],
  "getByAltText": [Function],
  "getByDisplayValue": [Function],
  "getByLabelText": [Function],
  "getByPlaceholderText": [Function],
  "getByRole": [Function],
  "getByTestId": [Function],
  "getByText": [Function],
  "getByTitle": [Function],
  "queryAllByAltText": [Function],
  "queryAllByDisplayValue": [Function],
  "queryAllByLabelText": [Function],
  "queryAllByPlaceholderText": [Function],
  "queryAllByRole": [Function],
  "queryAllByTestId": [Function],
  "queryAllByText": [Function],
  "queryAllByTitle": [Function],
  "queryByAltText": [Function],
  "queryByDisplayValue": [Function],
  "queryByLabelText": [Function],
  "queryByPlaceholderText": [Function],
  "queryByRole": [Function],
  "queryByTestId": [Function],
  "queryByText": [Function],
  "queryByTitle": [Function],
  "rerender": [Function],
  "unmount": [Function],
}
`;
