// Vitest Snapshot v1, https://vitest.dev/guide/snapshot.html

exports[`Agent Forgot Password Page > renders correctly 1`] = `
{
  "asFragment": [Function],
  "baseElement": <body>
    <div>
      <div
        class="px-5 py-10 max-w-[600px] min-h-screen mx-auto flex flex-col "
      >
        <img
          alt=""
          class="mb-6 block w-28"
          src="/src/assets/Icons/UnyteLogo.svg"
        />
        <div
          class="grow"
        />
        <form>
          <header>
            <p
              class="mb-2 font-semibold text-[20px]"
            >
              Forgot Password
            </p>
          </header>
          <div
            class="space-y-6"
          >
            <div
              class=""
            >
              <label
                class="mb-2 block text-sm text-[#333"
                for="email"
              >
                Email
                 
              </label>
              <input
                class="block text-lg font-sora w-full border rounded-lg outline-none focus:border-black p-2 h-[58px] border-[#E0E0E0]"
                id="email"
                name="email"
                placeholder="johndoe@gmail.com"
              />
              <p
                class="text-sm text-[#333]"
              />
            </div>
            <div>
              <p
                class="mb-2 text-sm"
              >
                Already have an account?
                 
                <a
                  class="text-primary"
                  href="/agent/login"
                >
                  Log In
                </a>
              </p>
              <button
                class="w-full font-medium text-xl leading-[24px] bg-primary h-[58px] text-white rounded-2xl"
              >
                Reset Password
              </button>
            </div>
          </div>
        </form>
        <div
          class="grow"
        />
      </div>
    </div>
  </body>,
  "container": <div>
    <div
      class="px-5 py-10 max-w-[600px] min-h-screen mx-auto flex flex-col "
    >
      <img
        alt=""
        class="mb-6 block w-28"
        src="/src/assets/Icons/UnyteLogo.svg"
      />
      <div
        class="grow"
      />
      <form>
        <header>
          <p
            class="mb-2 font-semibold text-[20px]"
          >
            Forgot Password
          </p>
        </header>
        <div
          class="space-y-6"
        >
          <div
            class=""
          >
            <label
              class="mb-2 block text-sm text-[#333"
              for="email"
            >
              Email
               
            </label>
            <input
              class="block text-lg font-sora w-full border rounded-lg outline-none focus:border-black p-2 h-[58px] border-[#E0E0E0]"
              id="email"
              name="email"
              placeholder="johndoe@gmail.com"
            />
            <p
              class="text-sm text-[#333]"
            />
          </div>
          <div>
            <p
              class="mb-2 text-sm"
            >
              Already have an account?
               
              <a
                class="text-primary"
                href="/agent/login"
              >
                Log In
              </a>
            </p>
            <button
              class="w-full font-medium text-xl leading-[24px] bg-primary h-[58px] text-white rounded-2xl"
            >
              Reset Password
            </button>
          </div>
        </div>
      </form>
      <div
        class="grow"
      />
    </div>
  </div>,
  "debug": [Function],
  "findAllByAltText": [Function],
  "findAllByDisplayValue": [Function],
  "findAllByLabelText": [Function],
  "findAllByPlaceholderText": [Function],
  "findAllByRole": [Function],
  "findAllByTestId": [Function],
  "findAllByText": [Function],
  "findAllByTitle": [Function],
  "findByAltText": [Function],
  "findByDisplayValue": [Function],
  "findByLabelText": [Function],
  "findByPlaceholderText": [Function],
  "findByRole": [Function],
  "findByTestId": [Function],
  "findByText": [Function],
  "findByTitle": [Function],
  "getAllByAltText": [Function],
  "getAllByDisplayValue": [Function],
  "getAllByLabelText": [Function],
  "getAllByPlaceholderText": [Function],
  "getAllByRole": [Function],
  "getAllByTestId": [Function],
  "getAllByText": [Function],
  "getAllByTitle": [Function],
  "getByAltText": [Function],
  "getByDisplayValue": [Function],
  "getByLabelText": [Function],
  "getByPlaceholderText": [Function],
  "getByRole": [Function],
  "getByTestId": [Function],
  "getByText": [Function],
  "getByTitle": [Function],
  "queryAllByAltText": [Function],
  "queryAllByDisplayValue": [Function],
  "queryAllByLabelText": [Function],
  "queryAllByPlaceholderText": [Function],
  "queryAllByRole": [Function],
  "queryAllByTestId": [Function],
  "queryAllByText": [Function],
  "queryAllByTitle": [Function],
  "queryByAltText": [Function],
  "queryByDisplayValue": [Function],
  "queryByLabelText": [Function],
  "queryByPlaceholderText": [Function],
  "queryByRole": [Function],
  "queryByTestId": [Function],
  "queryByText": [Function],
  "queryByTitle": [Function],
  "rerender": [Function],
  "unmount": [Function],
  "user": {
    "clear": [Function],
    "click": [Function],
    "copy": [Function],
    "cut": [Function],
    "dblClick": [Function],
    "deselectOptions": [Function],
    "hover": [Function],
    "keyboard": [Function],
    "paste": [Function],
    "pointer": [Function],
    "selectOptions": [Function],
    "setup": [Function],
    "tab": [Function],
    "tripleClick": [Function],
    "type": [Function],
    "unhover": [Function],
    "upload": [Function],
  },
}
`;
